To honour the JVM settings for this build a single-use Daemon process will be forked. For more on this, please refer to https://docs.gradle.org/8.13/userguide/gradle_daemon.html#sec:disabling_the_daemon in the Gradle documentation.
Daemon will be stopped at the end of the build 

> Configure project :app
WARNING: The option setting 'android.overridePathCheck=true' is experimental.
The current default is 'false'.
Warning: SDK processing. This version only understands SDK XML versions up to 3 but an SDK XML file of version 4 was encountered. This can happen if you use versions of Android Studio and the command-line tools that were released at different times.

> Task :verifyArchitecture
ARCHITECTURE_PASS: seven modules, explicit dependency allowlist

> Task :application:checkKotlinGradlePluginConfigurationErrors SKIPPED
> Task :application-api:checkKotlinGradlePluginConfigurationErrors SKIPPED
> Task :application-api:compileKotlin UP-TO-DATE
> Task :application-api:compileJava NO-SOURCE
> Task :application-api:processResources NO-SOURCE
> Task :application-api:classes UP-TO-DATE
> Task :application-api:jar UP-TO-DATE
> Task :domain:checkKotlinGradlePluginConfigurationErrors SKIPPED
> Task :domain:compileKotlin UP-TO-DATE
> Task :domain:compileJava NO-SOURCE
> Task :domain:processResources NO-SOURCE
> Task :domain:classes UP-TO-DATE
> Task :domain:jar UP-TO-DATE
> Task :application:compileKotlin UP-TO-DATE
> Task :application:compileJava NO-SOURCE
> Task :application:processResources NO-SOURCE
> Task :application:classes UP-TO-DATE
> Task :application:jar UP-TO-DATE
> Task :infrastructure:checkKotlinGradlePluginConfigurationErrors SKIPPED
> Task :infrastructure:preBuild
> Task :infrastructure:preDebugBuild
> Task :infrastructure:generateDebugResValues UP-TO-DATE
> Task :infrastructure:generateDebugResources UP-TO-DATE
> Task :infrastructure:packageDebugResources UP-TO-DATE
> Task :infrastructure:processDebugNavigationResources UP-TO-DATE
> Task :infrastructure:parseDebugLocalResources UP-TO-DATE
> Task :infrastructure:generateDebugRFile UP-TO-DATE
> Task :infrastructure:kspDebugKotlin UP-TO-DATE
> Task :infrastructure:compileDebugKotlin UP-TO-DATE
> Task :infrastructure:javaPreCompileDebug UP-TO-DATE
> Task :infrastructure:compileDebugJavaWithJavac NO-SOURCE
> Task :infrastructure:bundleLibCompileToJarDebug UP-TO-DATE
> Task :infrastructure:preDebugAndroidTestBuild
> Task :infrastructure:writeDebugAarMetadata UP-TO-DATE
> Task :infrastructure:checkDebugAndroidTestAarMetadata UP-TO-DATE
> Task :infrastructure:processDebugAndroidTestNavigationResources UP-TO-DATE
> Task :infrastructure:compileDebugAndroidTestNavigationResources UP-TO-DATE
> Task :infrastructure:compileDebugLibraryResources UP-TO-DATE
> Task :infrastructure:generateDebugAndroidTestResValues UP-TO-DATE
> Task :infrastructure:mapDebugAndroidTestSourceSetPaths UP-TO-DATE
> Task :infrastructure:generateDebugAndroidTestResources UP-TO-DATE
> Task :infrastructure:mergeDebugAndroidTestResources UP-TO-DATE
> Task :infrastructure:extractDeepLinksDebug UP-TO-DATE
> Task :infrastructure:processDebugManifest UP-TO-DATE
> Task :infrastructure:processDebugAndroidTestManifest UP-TO-DATE
> Task :infrastructure:processDebugAndroidTestResources UP-TO-DATE
> Task :infrastructure:kspDebugAndroidTestKotlin UP-TO-DATE
> Task :infrastructure:compileDebugAndroidTestKotlin UP-TO-DATE
> Task :infrastructure:javaPreCompileDebugAndroidTest UP-TO-DATE
> Task :infrastructure:compileDebugAndroidTestJavaWithJavac NO-SOURCE
> Task :infrastructure:mergeDebugAndroidTestShaders UP-TO-DATE
> Task :infrastructure:compileDebugAndroidTestShaders NO-SOURCE
> Task :infrastructure:generateDebugAndroidTestAssets UP-TO-DATE
> Task :infrastructure:mergeDebugShaders UP-TO-DATE
> Task :infrastructure:compileDebugShaders NO-SOURCE
> Task :infrastructure:generateDebugAssets UP-TO-DATE
> Task :infrastructure:mergeDebugAssets UP-TO-DATE
> Task :infrastructure:mergeDebugAndroidTestAssets UP-TO-DATE
> Task :infrastructure:compressDebugAndroidTestAssets UP-TO-DATE
> Task :infrastructure:bundleLibRuntimeToJarDebug UP-TO-DATE
> Task :infrastructure:desugarDebugAndroidTestFileDependencies UP-TO-DATE
> Task :infrastructure:dexBuilderDebugAndroidTest UP-TO-DATE
> Task :infrastructure:mergeDebugAndroidTestGlobalSynthetics UP-TO-DATE
> Task :infrastructure:processDebugAndroidTestJavaRes UP-TO-DATE
> Task :infrastructure:processDebugJavaRes UP-TO-DATE
> Task :infrastructure:mergeDebugAndroidTestJavaResource UP-TO-DATE
> Task :infrastructure:checkDebugAndroidTestDuplicateClasses UP-TO-DATE
> Task :infrastructure:mergeExtDexDebugAndroidTest UP-TO-DATE
> Task :infrastructure:mergeLibDexDebugAndroidTest UP-TO-DATE
> Task :infrastructure:mergeProjectDexDebugAndroidTest UP-TO-DATE
> Task :infrastructure:mergeDebugJniLibFolders UP-TO-DATE
> Task :infrastructure:mergeDebugNativeLibs NO-SOURCE
> Task :infrastructure:copyDebugJniLibsProjectOnly UP-TO-DATE
> Task :infrastructure:mergeDebugAndroidTestJniLibFolders UP-TO-DATE
> Task :infrastructure:mergeDebugAndroidTestNativeLibs UP-TO-DATE
> Task :infrastructure:stripDebugAndroidTestDebugSymbols UP-TO-DATE
> Task :infrastructure:validateSigningDebugAndroidTest UP-TO-DATE
> Task :infrastructure:writeDebugAndroidTestSigningConfigVersions UP-TO-DATE
> Task :infrastructure:packageDebugAndroidTest UP-TO-DATE
> Task :infrastructure:createDebugAndroidTestApkListingFileRedirect UP-TO-DATE

> Task :infrastructure:connectedDebugAndroidTest
Starting 15 tests on STORE_I03_API36(AVD) - 16

com.vibe.store.infrastructure.persistence.PersistenceTest > boundedContentionNoRetry[STORE_I03_API36(AVD) - 16] [31mFAILED [0m
	android.database.SQLException: Error code: 5, message: database is locked
	at androidx.sqlite.driver.bundled.BundledSQLiteStatementKt.nativeStep(Native Method)

STORE_I03_API36(AVD) - 16 Tests 11/15 completed. (0 skipped) (1 failed)

> Task :infrastructure:connectedDebugAndroidTest
Tests on STORE_I03_API36(AVD) - 16 failed: There was 1 failure(s).

Finished 15 tests on STORE_I03_API36(AVD) - 16

> Task :infrastructure:connectedDebugAndroidTest FAILED

[Incubating] Problems report is available at: file:///C:/Users/sterl/AppData/Local/Temp/store-i06-qual-r6-20261003-224544/build/reports/problems/problems-report.html

FAILURE: Build failed with an exception.

* What went wrong:
Execution failed for task ':infrastructure:connectedDebugAndroidTest'.
> There were failing tests. See the report at: file:///C:/Users/sterl/AppData/Local/Temp/store-i06-qual-r6-20261003-224544/infrastructure/build/reports/androidTests/connected/debug/index.html

* Try:
> Run with --stacktrace option to get the stack trace.
> Run with --info or --debug option to get more log output.
> Run with --scan to get full insights.
> Get more help at https://help.gradle.org.

Deprecated Gradle features were used in this build, making it incompatible with Gradle 9.0.

You can use '--warning-mode all' to show the individual deprecation warnings and determine if they come from your own scripts or plugins.

For more on this, please refer to https://docs.gradle.org/8.13/userguide/command_line_interface.html#sec:command_line_warnings in the Gradle documentation.

BUILD FAILED in 1m 13s
59 actionable tasks: 2 executed, 57 up-to-date
